Open On-Chip Debugger 0.12.0+dev-snapshot (2026-02-16-16:07)
Licensed under GNU GPL v2
For bug reports, read
	http://openocd.org/doc/doxygen/bugs.html
WARNING: interface/stlink-dap.cfg is deprecated, please switch to interface/stlink.cfg
Warn : DEPRECATED: auto-selecting transport "swd (dapdirect)". Use 'transport select swd' to suppress this message.
adapter speed: 4000 kHz
DEPRECATED! use 'gdb port', not 'gdb_port'
DEPRECATED! use 'tcl port' not 'tcl_port'
DEPRECATED! use 'telnet port', not 'telnet_port'
Info : tcl server disabled
Info : telnet server disabled
Info : STLINK V2J48S7 (API v2) VID:PID 0483:3748
Info : Target voltage: 3.289834
Info : clock speed 4000 kHz
Info : stlink_dap_op_connect(connect)
Info : SWD DPIDR 0x6ba02477
Info : [stm32h7x.ap2] Examination succeed
Info : [stm32h7x.cpu0] Cortex-M7 r1p1 processor detected
Warn : [stm32h7x.cpu0] Erratum 3092511: Cortex-M7 can halt in an incorrect address when breakpoint and exception occurs simultaneously
Info : [stm32h7x.cpu0] The erratum 3092511 workaround will resume after an incorrect halt
Info : [stm32h7x.cpu0] target has 8 breakpoints, 4 watchpoints
Info : [stm32h7x.cpu0] Examination succeed
Info : [stm32h7x.ap2] gdb port disabled
Info : [stm32h7x.cpu0] starting gdb server on 3333
Info : Listening on port 3333 for gdb connections
Info : accepting 'gdb' connection on tcp/3333
[stm32h7x.cpu0] halted due to debug-request, current mode: Thread 
xPSR: 0x81000000 pc: 0x081219b6 msp: 0x2001fe8c
Info : Device: STM32H7Ax/7Bx
Info : flash size probed value 128k
Info : STM32H7 flash has a single bank
Info : Bank (0) size is 128 kb, base address is 0x08000000
Info : New GDB Connection: 1, Target stm32h7x.cpu0, state: halted
Info : dropped 'gdb' connection
shutdown command invoked
