[snes-qemu] boot
[snes-qemu] cal: 3.0M insns = 75000 ticks -> 40.000 insn/tick
[snes-qemu] rom len=4194304 frames=1200
Warning! DMA from addr 0xed2398
w00200 emu=4941319 apu=429726 insn/frame fb=63112383 audio=f5db5879 lit=0

w00400 emu=5299648 apu=773048 insn/frame fb=ec97af0d audio=c09b5f11 lit=18631

w00600 emu=5822217 apu=369134 insn/frame fb=0f316595 audio=c68fddf3 lit=17608

w00800 emu=5932526 apu=407847 insn/frame fb=8f30f61a audio=66708a35 lit=10310

w01000 emu=5866818 apu=724603 insn/frame fb=39782c19 audio=ebfada5b lit=10297

w01200 emu=5870278 apu=729505 insn/frame fb=dc006e59 audio=d932853a lit=10321

[snes-qemu] done 1200 frames STATEHASH=d8132a15 AUDIOHASH=677e8092 avg emu=5622134 apu=572310 insn/frame

[dist] === per-frame distribution (insn/frame at ~40.000 insn/tick) ===
[dist] EMU all (n=1200): min=3002240 p1=3540480 p5=4022200 p10=4840880 p25=5251800 p50=5806080 p75=5970400 p90=6282720 p95=6284280 p99=6720120 max=26684080 | fps@312M: p50=53.7 p90=49.7 p99=46.4 max=11.7
[dist] EMU 0-299 (n=300): min=3096800 p1=3402320 p5=4006840 p10=4021200 p25=4093200 p50=4879000 p75=5235160 p90=5427920 p95=5432400 p99=5945840 max=26684080 | fps@312M: p50=63.9 p90=57.5 p99=52.5 max=11.7
[dist] EMU 300-599 (n=300): min=4849120 p1=4879800 p5=5250360 p10=5252000 p25=5377280 p50=5631840 p75=6282360 p90=6284680 p95=6380720 p99=6886480 max=6888640 | fps@312M: p50=55.4 p90=49.6 p99=45.3 max=45.3
[dist] EMU 600-899 (n=300): min=3002240 p1=5143880 p5=5144200 p10=5262920 p25=5797480 p50=5889120 p75=6279360 p90=6283800 p95=6284800 p99=6355120 max=9984720 | fps@312M: p50=53.0 p90=49.7 p99=49.1 max=31.2
[dist] EMU 900+ (n=300): min=5706800 p1=5773760 p5=5780400 p10=5785240 p25=5812560 p50=5826480 p75=5962680 p90=5979560 p95=5984920 p99=5995480 max=6005720 | fps@312M: p50=53.5 p90=52.2 p99=52.0 max=52.0
[dist] APU all (n=1200): min=9600 p1=9600 p5=9600 p10=9640 p25=605440 p50=727120 p75=749960 p90=786400 p95=788080 p99=789640 max=791280 | fps@312M: p50=429.1 p90=396.7 p99=395.1 max=394.3
[dist] APU 900+ (n=300): min=511760 p1=516640 p5=533040 p10=717920 p25=725160 p50=744320 p75=748360 p90=751840 p95=757320 p99=760200 max=761400 | fps@312M: p50=419.2 p90=415.0 p99=410.4 max=409.8
[bake] on=0 sites=0 pc=00:ffff/ffff dp_off=00 charge=0/0 laps=0
[bake] gate: armed=0 win_frames=0 park=0
