[snes-qemu] boot
[snes-qemu] cal: 3.0M insns = 75000 ticks -> 40.000 insn/tick
[snes-qemu] rom len=1048576 frames=1200
w00200 emu=3258234 apu=248305 insn/frame fb=63112383 audio=c68fddf3 lit=0

w00400 emu=3252159 apu=417337 insn/frame fb=a12805a9 audio=9ccc7461 lit=1039

w00600 emu=3857665 apu=489320 insn/frame fb=09cf58df audio=ceae5237 lit=2617

w00800 emu=4451778 apu=522640 insn/frame fb=95d4beda audio=980fbadd lit=7581

w01000 emu=5484887 apu=514868 insn/frame fb=f4f8657b audio=666732e5 lit=36144

w01200 emu=5939074 apu=521647 insn/frame fb=f4f8657b audio=fd79f9e0 lit=36144

[snes-qemu] done 1200 frames STATEHASH=1d0d959d AUDIOHASH=c70e2bdf avg emu=4373966 apu=452353 insn/frame

[dist] === per-frame distribution (insn/frame at ~40.000 insn/tick) ===
[dist] EMU all (n=1200): min=1145520 p1=1323360 p5=2605960 p10=3196640 p25=3419800 p50=4049200 p75=5524840 p90=6308840 p95=6353560 p99=6389640 max=6411720 | fps@312M: p50=77.1 p90=49.5 p99=48.8 max=48.7
[dist] EMU 0-299 (n=300): min=1145520 p1=1312240 p5=1341200 p10=2553840 p25=2699200 p50=3210760 p75=4084080 p90=4085480 p95=4085720 p99=4086600 max=4129840 | fps@312M: p50=97.2 p90=76.4 p99=76.3 max=75.5
[dist] EMU 300-599 (n=300): min=2506000 p1=2859880 p5=3233000 p10=3249840 p25=3602120 p50=3803360 p75=4001480 p90=4037760 p95=4053000 p99=4070920 max=4082480 | fps@312M: p50=82.0 p90=77.3 p99=76.6 max=76.4
[dist] EMU 600-899 (n=300): min=2963600 p1=3367400 p5=3469000 p10=3863320 p25=3919920 p50=4144280 p75=5257520 p90=5936320 p95=6204000 p99=6331760 max=6362640 | fps@312M: p50=75.3 p90=52.6 p99=49.3 max=49.0
[dist] EMU 900+ (n=300): min=5390240 p1=5434160 p5=5477760 p10=5504360 p25=5551560 p50=6202480 p75=6340240 p90=6374120 p95=6388080 p99=6410560 max=6411720 | fps@312M: p50=50.3 p90=48.9 p99=48.7 max=48.7
[dist] APU all (n=1200): min=9600 p1=9600 p5=9640 p10=400480 p25=401840 p50=493520 p75=522760 p90=539480 p95=541640 p99=546640 max=565600 | fps@312M: p50=632.2 p90=578.3 p99=570.8 max=551.6
[dist] APU 900+ (n=300): min=466520 p1=476360 p5=484240 p10=494440 p25=510280 p50=522760 p75=531200 p90=542160 p95=544120 p99=546640 max=548160 | fps@312M: p50=596.8 p90=575.5 p99=570.8 max=569.2
[bake] on=1 sites=2 pc=00:8034/8036 dp_off=12 charge=24/22 laps=871862
[bake] gate: armed=1 win_frames=120 park=0
