[snes-qemu] boot
[snes-qemu] cal: 3.0M insns = 75000 ticks -> 40.000 insn/tick
[snes-qemu] rom len=1048576 frames=1200
w00200 emu=3372176 apu=248304 insn/frame fb=63112383 audio=c68fddf3 lit=0

w00400 emu=3273770 apu=417336 insn/frame fb=a12805a9 audio=9ccc7461 lit=1039

w00600 emu=3907045 apu=489319 insn/frame fb=09cf58df audio=ceae5237 lit=2617

w00800 emu=4477736 apu=522636 insn/frame fb=95d4beda audio=980fbadd lit=7581

w01000 emu=5736601 apu=514868 insn/frame fb=f4f8657b audio=666732e5 lit=36144

w01200 emu=6106952 apu=521645 insn/frame fb=f4f8657b audio=fd79f9e0 lit=36144

[snes-qemu] done 1200 frames STATEHASH=1d0d959d AUDIOHASH=c70e2bdf avg emu=4479047 apu=452351 insn/frame

[dist] === per-frame distribution (insn/frame at ~40.000 insn/tick) ===
[dist] EMU all (n=1200): min=1975840 p1=2315720 p5=2614400 p10=3212640 p25=3705360 p50=4084720 p75=5861800 p90=6309560 p95=6353560 p99=6389840 max=6411760 | fps@312M: p50=76.4 p90=49.4 p99=48.8 max=48.7
[dist] EMU 0-299 (n=300): min=1975840 p1=2285680 p5=2321480 p10=2558160 p25=2788320 p50=3224280 p75=4084080 p90=4085480 p95=4085720 p99=4086600 max=4129840 | fps@312M: p50=96.8 p90=76.4 p99=76.3 max=75.5
[dist] EMU 300-599 (n=300): min=3237320 p1=3243720 p5=3258840 p10=3276200 p25=3684840 p50=3823760 p75=4019760 p90=4055840 p95=4071280 p99=4093440 max=4101760 | fps@312M: p50=81.6 p90=76.9 p99=76.2 max=76.1
[dist] EMU 600-899 (n=300): min=3838840 p1=3861240 p5=3907040 p10=3914080 p25=4119120 p50=4651920 p75=5309960 p90=6133480 p95=6237760 p99=6336080 max=6404080 | fps@312M: p50=67.1 p90=50.9 p99=49.2 max=48.7
[dist] EMU 900+ (n=300): min=5730360 p1=5774520 p5=5811920 p10=5837840 p25=5886160 p50=6208280 p75=6340240 p90=6374120 p95=6388080 p99=6410600 max=6411760 | fps@312M: p50=50.3 p90=48.9 p99=48.7 max=48.7
[dist] APU all (n=1200): min=9600 p1=9600 p5=9640 p10=400480 p25=401840 p50=493520 p75=522720 p90=539480 p95=541640 p99=546640 max=565640 | fps@312M: p50=632.2 p90=578.3 p99=570.8 max=551.6
[dist] APU 900+ (n=300): min=466520 p1=476360 p5=484200 p10=494440 p25=510280 p50=522720 p75=531200 p90=542200 p95=544080 p99=546640 max=548160 | fps@312M: p50=596.9 p90=575.4 p99=570.8 max=569.2
[bake] on=1 sites=2 pc=00:8034/8036 dp_off=12 charge=24/22 laps=871862
[bake] gate: armed=1 win_frames=120 park=0
